<?xml version="1.0" encoding="utf-8"?><testsuites name="pytest tests"><testsuite name="pytest" errors="0" failures="0" skipped="2" tests="48" time="14.878" timestamp="2026-04-15T15:16:08.155919-07:00" hostname="DN0a24a637.SUNet"><testcase classname="tests.test_data" name="test_get_batch" time="1.868" /><testcase classname="tests.test_model" name="test_linear" time="0.217" /><testcase classname="tests.test_model" name="test_embedding" time="0.050" /><testcase classname="tests.test_model" name="test_swiglu" time="0.034" /><testcase classname="tests.test_model" name="test_scaled_dot_product_attention" time="0.070" /><testcase classname="tests.test_model" name="test_4d_scaled_dot_product_attention" time="0.073" /><testcase classname="tests.test_model" name="test_multihead_self_attention" time="0.319" /><testcase classname="tests.test_model" name="test_multihead_self_attention_with_rope" time="0.139" /><testcase classname="tests.test_model" name="test_transformer_lm" time="0.114" /><testcase classname="tests.test_model" name="test_transformer_lm_truncated_input" time="0.445" /><testcase classname="tests.test_model" name="test_transformer_block" time="0.010" /><testcase classname="tests.test_model" name="test_rmsnorm" time="0.008" /><testcase classname="tests.test_model" name="test_rope" time="0.123" /><testcase classname="tests.test_model" name="test_silu_matches_pytorch" time="0.001" /><testcase classname="tests.test_nn_utils" name="test_softmax_matches_pytorch" time="0.001" /><testcase classname="tests.test_nn_utils" name="test_cross_entropy" time="0.004" /><testcase classname="tests.test_nn_utils" name="test_gradient_clipping" time="0.007" /><testcase classname="tests.test_optimizer" name="test_adamw" time="0.313" /><testcase classname="tests.test_optimizer" name="test_get_lr_cosine_schedule" time="0.000" /><testcase classname="tests.test_serialization" name="test_checkpointing" time="0.020" /><testcase classname="tests.test_tokenizer" name="test_roundtrip_empty" time="0.152" /><testcase classname="tests.test_tokenizer" name="test_empty_matches_tiktoken" time="0.306" /><testcase classname="tests.test_tokenizer" name="test_roundtrip_single_character" time="0.344" /><testcase classname="tests.test_tokenizer" name="test_single_character_matches_tiktoken" time="0.286" /><testcase classname="tests.test_tokenizer" name="test_roundtrip_single_unicode_character" time="0.285" /><testcase classname="tests.test_tokenizer" name="test_single_unicode_character_matches_tiktoken" time="0.277" /><testcase classname="tests.test_tokenizer" name="test_roundtrip_ascii_string" time="0.362" /><testcase classname="tests.test_tokenizer" name="test_ascii_string_matches_tiktoken" time="0.361" /><testcase classname="tests.test_tokenizer" name="test_roundtrip_unicode_string" time="0.385" /><testcase classname="tests.test_tokenizer" name="test_unicode_string_matches_tiktoken" time="0.462" /><testcase classname="tests.test_tokenizer" name="test_roundtrip_unicode_string_with_special_tokens" time="0.370" /><testcase classname="tests.test_tokenizer" name="test_unicode_string_with_special_tokens_matches_tiktoken" time="0.349" /><testcase classname="tests.test_tokenizer" name="test_overlapping_special_tokens" time="0.359" /><testcase classname="tests.test_tokenizer" name="test_address_roundtrip" time="0.453" /><testcase classname="tests.test_tokenizer" name="test_address_matches_tiktoken" time="0.414" /><testcase classname="tests.test_tokenizer" name="test_german_roundtrip" time="0.460" /><testcase classname="tests.test_tokenizer" name="test_german_matches_tiktoken" time="0.439" /><testcase classname="tests.test_tokenizer" name="test_tinystories_sample_roundtrip" time="0.446" /><testcase classname="tests.test_tokenizer" name="test_tinystories_matches_tiktoken" time="0.496" /><testcase classname="tests.test_tokenizer" name="test_encode_special_token_trailing_newlines" time="0.318" /><testcase classname="tests.test_tokenizer" name="test_encode_special_token_double_newline_non_whitespace" time="0.303" /><testcase classname="tests.test_tokenizer" name="test_encode_iterable_tinystories_sample_roundtrip" time="0.135" /><testcase classname="tests.test_tokenizer" name="test_encode_iterable_tinystories_matches_tiktoken" time="0.133" /><testcase classname="tests.test_tokenizer" name="test_encode_iterable_memory_usage" time="0.000"><skipped type="pytest.skip" message="rlimit support for non-linux systems is spotty.">/Users/iddah/Documents/CS336/assignment1-basics/tests/test_tokenizer.py:416: rlimit support for non-linux systems is spotty.</skipped></testcase><testcase classname="tests.test_tokenizer" name="test_encode_memory_usage" time="0.000"><skipped type="pytest.skip" message="rlimit support for non-linux systems is spotty.">/Users/iddah/Documents/CS336/assignment1-basics/tests/test_tokenizer.py:431: rlimit support for non-linux systems is spotty.</skipped></testcase><testcase classname="tests.test_train_bpe" name="test_train_bpe_speed" time="0.349" /><testcase classname="tests.test_train_bpe" name="test_train_bpe" time="0.348" /><testcase classname="tests.test_train_bpe" name="test_train_bpe_special_tokens" time="0.861" /></testsuite></testsuites>